[debug] [2025-06-02T10:33:26.853Z] ----------------------------------------------------------------------
[debug] [2025-06-02T10:33:26.856Z] Command:       C:\Program Files\nodejs\node.exe C:\Users\GT\AppData\Roaming\npm\node_modules\firebase-tools\lib\bin\firebase.js deploy --only hosting
[debug] [2025-06-02T10:33:26.857Z] CLI Version:   13.0.3
[debug] [2025-06-02T10:33:26.857Z] Platform:      win32
[debug] [2025-06-02T10:33:26.857Z] Node Version:  v20.11.0
[debug] [2025-06-02T10:33:26.857Z] Time:          Mon Jun 02 2025 16:03:26 GMT+0530 (India Standard Time)
[debug] [2025-06-02T10:33:26.857Z] ----------------------------------------------------------------------
[debug] 
[debug] [2025-06-02T10:33:26.955Z] > command requires scopes: ["email","openid","https://www.googleapis.com/auth/cloudplatformprojects.readonly","https://www.googleapis.com/auth/firebase","https://www.googleapis.com/auth/cloud-platform"]
[debug] [2025-06-02T10:33:26.956Z] > authorizing via signed-in user (solutionsbluesap@gmail.com)
[debug] [2025-06-02T10:33:26.957Z] [iam] checking project tele-gold for permissions ["firebase.projects.get","firebasehosting.sites.update"]
[debug] [2025-06-02T10:33:26.959Z] >>> [apiv2][query] POST https://cloudresourcemanager.googleapis.com/v1/projects/tele-gold:testIamPermissions [none]
[debug] [2025-06-02T10:33:26.960Z] >>> [apiv2][(partial)header] POST https://cloudresourcemanager.googleapis.com/v1/projects/tele-gold:testIamPermissions x-goog-quota-user=projects/tele-gold
[debug] [2025-06-02T10:33:26.961Z] >>> [apiv2][body] POST https://cloudresourcemanager.googleapis.com/v1/projects/tele-gold:testIamPermissions {"permissions":["firebase.projects.get","firebasehosting.sites.update"]}
[debug] [2025-06-02T10:33:28.550Z] <<< [apiv2][status] POST https://cloudresourcemanager.googleapis.com/v1/projects/tele-gold:testIamPermissions 200
[debug] [2025-06-02T10:33:28.551Z] <<< [apiv2][body] POST https://cloudresourcemanager.googleapis.com/v1/projects/tele-gold:testIamPermissions {"permissions":["firebase.projects.get","firebasehosting.sites.update"]}
[debug] [2025-06-02T10:33:28.553Z] >>> [apiv2][query] GET https://firebase.googleapis.com/v1beta1/projects/tele-gold [none]
[debug] [2025-06-02T10:33:29.995Z] <<< [apiv2][status] GET https://firebase.googleapis.com/v1beta1/projects/tele-gold 200
[debug] [2025-06-02T10:33:29.995Z] <<< [apiv2][body] GET https://firebase.googleapis.com/v1beta1/projects/tele-gold {"projectId":"tele-gold","projectNumber":"129955455366","displayName":"tele-gold","name":"projects/tele-gold","resources":{"hostingSite":"tele-gold","realtimeDatabaseInstance":"tele-gold-default-rtdb"},"state":"ACTIVE","etag":"1_8307575d-b382-46ee-bc7e-32bd207303c6"}
[info] 
   Thank you for trying our early preview of Next.js support on Firebase Hosting.
   During the preview, support is best-effort and breaking changes can be expected. Proceed with caution.
   The integration is known to work with Next.js version 12 - 14.0. You may encounter errors.

   Documentation: https://firebase.google.com/docs/hosting/frameworks/nextjs
   File a bug: https://github.com/firebase/firebase-tools/issues/new?template=bug_report.md
   Submit a feature request: https://github.com/firebase/firebase-tools/issues/new?template=feature_request.md

   We'd love to learn from you. Express your interest in helping us shape the future of Firebase Hosting: https://goo.gle/41enW5X

[debug] [2025-06-02T10:33:42.477Z] >>> [apiv2][query] GET https://firebasehosting.googleapis.com/v1beta1/projects/tele-gold/sites/tele-gold [none]
[debug] [2025-06-02T10:33:43.437Z] <<< [apiv2][status] GET https://firebasehosting.googleapis.com/v1beta1/projects/tele-gold/sites/tele-gold 200
[debug] [2025-06-02T10:33:43.437Z] <<< [apiv2][body] GET https://firebasehosting.googleapis.com/v1beta1/projects/tele-gold/sites/tele-gold {"name":"projects/tele-gold/sites/tele-gold","defaultUrl":"https://tele-gold.web.app","appId":"1:129955455366:web:41431d093bf91b7a078c07","type":"DEFAULT_SITE"}
[info]  ⚠ Invalid next.config.mjs options detected: 

[info]  ⚠     Expected object, received boolean at "experimental.turbo"
 ⚠ See more info here: https://nextjs.org/docs/messages/invalid-next-config

[info]    ▲ Next.js 15.0.3

[info]    - Environments: .env.production
   - Experiments (use with caution):
     · turbo


[info]    Creating an optimized production build ...

[info]  ✓ Compiled successfully

[info]    Linting and checking validity of types ...

[info]  ⨯ ESLint: Invalid Options: - Unknown options: useEslintrc, extensions - 'extensions' has been removed.

[info]    Collecting page data ...

[info]    Generating static pages (0/19) ...

[info]  ⚠ Unsupported metadata viewport is configured in metadata export in /_not-found. Please move it to viewport export instead.
Read more: https://nextjs.org/docs/app/api-reference/functions/generate-viewport

[info]  ⚠ Unsupported metadata viewport is configured in metadata export in /. Please move it to viewport export instead.
Read more: https://nextjs.org/docs/app/api-reference/functions/generate-viewport
 ⚠ Unsupported metadata viewport is configured in metadata export in /about-us. Please move it to viewport export instead.
Read more: https://nextjs.org/docs/app/api-reference/functions/generate-viewport

[info]    Generating static pages (4/19) 

[info]  ⚠ Unsupported metadata viewport is configured in metadata export in /contact-us. Please move it to viewport export instead.
Read more: https://nextjs.org/docs/app/api-reference/functions/generate-viewport

[info]  ⚠ Unsupported metadata viewport is configured in metadata export in /diamond. Please move it to viewport export instead.
Read more: https://nextjs.org/docs/app/api-reference/functions/generate-viewport

[info]  ⚠ Unsupported metadata viewport is configured in metadata export in /estate-jewelry. Please move it to viewport export instead.
Read more: https://nextjs.org/docs/app/api-reference/functions/generate-viewport
 ⚠ Unsupported metadata viewport is configured in metadata export in /gold-silver-platinum. Please move it to viewport export instead.
Read more: https://nextjs.org/docs/app/api-reference/functions/generate-viewport

[info]  ⚠ Unsupported metadata viewport is configured in metadata export in /labgrown-diamond. Please move it to viewport export instead.
Read more: https://nextjs.org/docs/app/api-reference/functions/generate-viewport
 ⚠ Unsupported metadata viewport is configured in metadata export in /rare-coins-collection. Please move it to viewport export instead.
Read more: https://nextjs.org/docs/app/api-reference/functions/generate-viewport
 ⚠ Unsupported metadata viewport is configured in metadata export in /vintage-platinum-jewelry. Please move it to viewport export instead.
Read more: https://nextjs.org/docs/app/api-reference/functions/generate-viewport
 ⚠ Unsupported metadata viewport is configured in metadata export in /watches. Please move it to viewport export instead.
Read more: https://nextjs.org/docs/app/api-reference/functions/generate-viewport

[info]    Generating static pages (9/19) 

[info]  ⚠ Unsupported metadata viewport is configured in metadata export in /diamond-jewelry. Please move it to viewport export instead.
Read more: https://nextjs.org/docs/app/api-reference/functions/generate-viewport

[info]    Generating static pages (14/19) 

[info]  ✓ Generating static pages (19/19)

[info]    Finalizing page optimization ...

[info]    Collecting build traces ...

[info] 

[info] Route (app)                              Size     First Load JS
┌ ○ /                                    4.31 kB         117 kB
├ ○ /_not-found                          177 B           102 kB
├ ○ /about-us                            49.5 kB         347 kB
├ ƒ /api/contact-us                      177 B           102 kB
├ ƒ /api/subscribe                       177 B           102 kB
├ ○ /contact-us                          2.36 kB         115 kB
├ ○ /diamond                             2.76 kB         300 kB
├ ○ /diamond-jewelry                     1.12 kB         299 kB
├ ○ /estate-jewelry                      1.71 kB         299 kB
├ ○ /gold-silver-platinum                1.46 kB         299 kB
├ ○ /labgrown-diamond                    9.78 kB         307 kB
├ ○ /opengraph-image.png                 0 B                0 B
├ ○ /rare-coins-collection               1.42 kB         299 kB
├ ○ /robots.txt                          0 B                0 B
├ ○ /sitemap.xml                         0 B                0 B
├ ○ /vintage-platinum-jewelry            2.09 kB         300 kB
└ ○ /watches                             1.2 kB          299 kB
+ First Load JS shared by all            101 kB
  ├ chunks/1517-c9cd38b5897c821a.js      45.8 kB
  ├ chunks/4bd1b696-733667cc0c76ac4d.js  52.5 kB
  └ other shared chunks (total)          3.1 kB


[info] 
○  (Static)   prerendered as static content
ƒ  (Dynamic)  server-rendered on demand


[info] Building a Cloud Function to run this application. This is needed due to:
[info]  • non-static component /api/contact-us/route
[info]  • non-static component /api/subscribe/route
[info]  • non-static component /_not-found/page
[info] 
[debug] [2025-06-02T10:34:11.607Z] >>> [apiv2][query] GET https://firebasehosting.googleapis.com/v1beta1/projects/tele-gold/sites/tele-gold [none]
[debug] [2025-06-02T10:34:12.637Z] <<< [apiv2][status] GET https://firebasehosting.googleapis.com/v1beta1/projects/tele-gold/sites/tele-gold 200
[debug] [2025-06-02T10:34:12.637Z] <<< [apiv2][body] GET https://firebasehosting.googleapis.com/v1beta1/projects/tele-gold/sites/tele-gold {"name":"projects/tele-gold/sites/tele-gold","defaultUrl":"https://tele-gold.web.app","appId":"1:129955455366:web:41431d093bf91b7a078c07","type":"DEFAULT_SITE"}
[debug] [2025-06-02T10:34:23.548Z] [web frameworks] effective firebase.json:  {
  "hosting": [
    {
      "source": ".",
      "ignore": [
        "firebase.json",
        "**/.*",
        "**/node_modules/**"
      ],
      "frameworksBackend": {
        "region": "us-east1"
      },
      "site": "tele-gold",
      "rewrites": [
        {
          "source": "/**",
          "function": {
            "functionId": "ssrtelegold",
            "region": "us-east1",
            "pinTag": true
          }
        }
      ],
      "redirects": [],
      "headers": [
        {
          "source": "/opengraph-image.png",
          "headers": [
            {
              "key": "cache-control",
              "value": "public, immutable, no-transform, max-age=31536000"
            },
            {
              "key": "content-type",
              "value": "image/png"
            },
            {
              "key": "x-next-cache-tags",
              "value": "_N_T_/layout,_N_T_/opengraph-image.png/layout,_N_T_/opengraph-image.png/route,_N_T_/opengraph-image.png"
            }
          ]
        },
        {
          "source": "/robots.txt",
          "headers": [
            {
              "key": "cache-control",
              "value": "public, immutable, no-transform, max-age=31536000"
            },
            {
              "key": "content-type",
              "value": "text/plain"
            },
            {
              "key": "x-next-cache-tags",
              "value": "_N_T_/layout,_N_T_/robots.txt/layout,_N_T_/robots.txt/route,_N_T_/robots.txt"
            }
          ]
        },
        {
          "source": "/sitemap.xml",
          "headers": [
            {
              "key": "cache-control",
              "value": "public, immutable, no-transform, max-age=31536000"
            },
            {
              "key": "content-type",
              "value": "application/xml"
            },
            {
              "key": "x-next-cache-tags",
              "value": "_N_T_/layout,_N_T_/sitemap.xml/layout,_N_T_/sitemap.xml/route,_N_T_/sitemap.xml"
            }
          ]
        },
        {
          "source": "/_not-found",
          "headers": [
            {
              "key": "x-nextjs-stale-time",
              "value": "4294967294"
            },
            {
              "key": "x-nextjs-prerender",
              "value": "1"
            },
            {
              "key": "x-next-cache-tags",
              "value": "_N_T_/layout,_N_T_/_not-found/layout,_N_T_/_not-found/page,_N_T_/_not-found"
            }
          ]
        },
        {
          "source": "/contact-us",
          "headers": [
            {
              "key": "x-nextjs-stale-time",
              "value": "4294967294"
            },
            {
              "key": "x-nextjs-prerender",
              "value": "1"
            },
            {
              "key": "x-next-cache-tags",
              "value": "_N_T_/layout,_N_T_/contact-us/layout,_N_T_/contact-us/page,_N_T_/contact-us"
            }
          ]
        },
        {
          "source": "/estate-jewelry",
          "headers": [
            {
              "key": "x-nextjs-stale-time",
              "value": "4294967294"
            },
            {
              "key": "x-nextjs-prerender",
              "value": "1"
            },
            {
              "key": "x-next-cache-tags",
              "value": "_N_T_/layout,_N_T_/estate-jewelry/layout,_N_T_/estate-jewelry/page,_N_T_/estate-jewelry"
            }
          ]
        },
        {
          "source": "/about-us",
          "headers": [
            {
              "key": "x-nextjs-stale-time",
              "value": "4294967294"
            },
            {
              "key": "x-nextjs-prerender",
              "value": "1"
            },
            {
              "key": "x-next-cache-tags",
              "value": "_N_T_/layout,_N_T_/about-us/layout,_N_T_/about-us/page,_N_T_/about-us"
            }
          ]
        },
        {
          "source": "/gold-silver-platinum",
          "headers": [
            {
              "key": "x-nextjs-stale-time",
              "value": "4294967294"
            },
            {
              "key": "x-nextjs-prerender",
              "value": "1"
            },
            {
              "key": "x-next-cache-tags",
              "value": "_N_T_/layout,_N_T_/gold-silver-platinum/layout,_N_T_/gold-silver-platinum/page,_N_T_/gold-silver-platinum"
            }
          ]
        },
        {
          "source": "/diamond",
          "headers": [
            {
              "key": "x-nextjs-stale-time",
              "value": "4294967294"
            },
            {
              "key": "x-nextjs-prerender",
              "value": "1"
            },
            {
              "key": "x-next-cache-tags",
              "value": "_N_T_/layout,_N_T_/diamond/layout,_N_T_/diamond/page,_N_T_/diamond"
            }
          ]
        },
        {
          "source": "/labgrown-diamond",
          "headers": [
            {
              "key": "x-nextjs-stale-time",
              "value": "4294967294"
            },
            {
              "key": "x-nextjs-prerender",
              "value": "1"
            },
            {
              "key": "x-next-cache-tags",
              "value": "_N_T_/layout,_N_T_/labgrown-diamond/layout,_N_T_/labgrown-diamond/page,_N_T_/labgrown-diamond"
            }
          ]
        },
        {
          "source": "/vintage-platinum-jewelry",
          "headers": [
            {
              "key": "x-nextjs-stale-time",
              "value": "4294967294"
            },
            {
              "key": "x-nextjs-prerender",
              "value": "1"
            },
            {
              "key": "x-next-cache-tags",
              "value": "_N_T_/layout,_N_T_/vintage-platinum-jewelry/layout,_N_T_/vintage-platinum-jewelry/page,_N_T_/vintage-platinum-jewelry"
            }
          ]
        },
        {
          "source": "/rare-coins-collection",
          "headers": [
            {
              "key": "x-nextjs-stale-time",
              "value": "4294967294"
            },
            {
              "key": "x-nextjs-prerender",
              "value": "1"
            },
            {
              "key": "x-next-cache-tags",
              "value": "_N_T_/layout,_N_T_/rare-coins-collection/layout,_N_T_/rare-coins-collection/page,_N_T_/rare-coins-collection"
            }
          ]
        },
        {
          "source": "/watches",
          "headers": [
            {
              "key": "x-nextjs-stale-time",
              "value": "4294967294"
            },
            {
              "key": "x-nextjs-prerender",
              "value": "1"
            },
            {
              "key": "x-next-cache-tags",
              "value": "_N_T_/layout,_N_T_/watches/layout,_N_T_/watches/page,_N_T_/watches"
            }
          ]
        },
        {
          "source": "/diamond-jewelry",
          "headers": [
            {
              "key": "x-nextjs-stale-time",
              "value": "4294967294"
            },
            {
              "key": "x-nextjs-prerender",
              "value": "1"
            },
            {
              "key": "x-next-cache-tags",
              "value": "_N_T_/layout,_N_T_/diamond-jewelry/layout,_N_T_/diamond-jewelry/page,_N_T_/diamond-jewelry"
            }
          ]
        }
      ],
      "cleanUrls": true,
      "trailingSlash": false,
      "public": ".firebase\\tele-gold\\hosting",
      "webFramework": "next_ssr"
    }
  ],
  "functions": [
    {
      "source": ".firebase\\tele-gold\\functions",
      "codebase": "firebase-frameworks-tele-gold"
    }
  ]
}
[debug] [2025-06-02T10:34:23.549Z] > command requires scopes: ["email","openid","https://www.googleapis.com/auth/cloudplatformprojects.readonly","https://www.googleapis.com/auth/firebase","https://www.googleapis.com/auth/cloud-platform"]
[debug] [2025-06-02T10:34:23.549Z] > authorizing via signed-in user (solutionsbluesap@gmail.com)
[debug] [2025-06-02T10:34:23.549Z] [iam] checking project tele-gold for permissions ["cloudfunctions.functions.create","cloudfunctions.functions.delete","cloudfunctions.functions.get","cloudfunctions.functions.list","cloudfunctions.functions.update","cloudfunctions.operations.get","firebase.projects.get"]
[debug] [2025-06-02T10:34:23.549Z] >>> [apiv2][query] POST https://cloudresourcemanager.googleapis.com/v1/projects/tele-gold:testIamPermissions [none]
[debug] [2025-06-02T10:34:23.549Z] >>> [apiv2][(partial)header] POST https://cloudresourcemanager.googleapis.com/v1/projects/tele-gold:testIamPermissions x-goog-quota-user=projects/tele-gold
[debug] [2025-06-02T10:34:23.549Z] >>> [apiv2][body] POST https://cloudresourcemanager.googleapis.com/v1/projects/tele-gold:testIamPermissions {"permissions":["cloudfunctions.functions.create","cloudfunctions.functions.delete","cloudfunctions.functions.get","cloudfunctions.functions.list","cloudfunctions.functions.update","cloudfunctions.operations.get","firebase.projects.get"]}
[debug] [2025-06-02T10:34:25.119Z] <<< [apiv2][status] POST https://cloudresourcemanager.googleapis.com/v1/projects/tele-gold:testIamPermissions 200
[debug] [2025-06-02T10:34:25.119Z] <<< [apiv2][body] POST https://cloudresourcemanager.googleapis.com/v1/projects/tele-gold:testIamPermissions {"permissions":["cloudfunctions.functions.create","cloudfunctions.functions.delete","cloudfunctions.functions.get","cloudfunctions.functions.list","cloudfunctions.functions.update","cloudfunctions.operations.get","firebase.projects.get"]}
[debug] [2025-06-02T10:34:25.120Z] >>> [apiv2][query] GET https://cloudfunctions.googleapis.com/v1/projects/tele-gold/locations/-/functions [none]
[debug] [2025-06-02T10:34:25.956Z] <<< [apiv2][status] GET https://cloudfunctions.googleapis.com/v1/projects/tele-gold/locations/-/functions 200
[debug] [2025-06-02T10:34:25.956Z] <<< [apiv2][body] GET https://cloudfunctions.googleapis.com/v1/projects/tele-gold/locations/-/functions {}
[debug] [2025-06-02T10:34:25.958Z] >>> [apiv2][query] GET https://cloudfunctions.googleapis.com/v2/projects/tele-gold/locations/-/functions filter=environment%3D%22GEN_2%22
[debug] [2025-06-02T10:34:27.568Z] <<< [apiv2][status] GET https://cloudfunctions.googleapis.com/v2/projects/tele-gold/locations/-/functions 200
[debug] [2025-06-02T10:34:27.569Z] <<< [apiv2][body] GET https://cloudfunctions.googleapis.com/v2/projects/tele-gold/locations/-/functions {"functions":[{"name":"projects/tele-gold/locations/us-east1/functions/ssrtelegold","buildConfig":{"build":"projects/129955455366/locations/us-east1/builds/c6c43ba5-33a5-4c5e-81e3-73ed1c81c457","runtime":"nodejs20","entryPoint":"ssrtelegold","source":{"storageSource":{"bucket":"gcf-v2-sources-129955455366-us-east1","object":"ssrtelegold/function-source.zip","generation":"1748859986146201"}},"environmentVariables":{"GOOGLE_NODE_RUN_SCRIPTS":""},"dockerRepository":"projects/tele-gold/locations/us-east1/repositories/gcf-artifacts","sourceProvenance":{"resolvedStorageSource":{"bucket":"gcf-v2-sources-129955455366-us-east1","object":"ssrtelegold/function-source.zip","generation":"1748859986146201"}},"dockerRegistry":"ARTIFACT_REGISTRY","serviceAccount":"projects/tele-gold/serviceAccounts/129955455366-compute@developer.gserviceaccount.com","automaticUpdatePolicy":{}},"serviceConfig":{"service":"projects/tele-gold/locations/us-east1/services/ssrtelegold","timeoutSeconds":60,"environmentVariables":{"VERCEL_URL":"tele-gold.web.app","__FIREBASE_FRAMEWORKS_ENTRY__":"next.js","FIREBASE_CONFIG":"{\"projectId\":\"tele-gold\",\"databaseURL\":\"https://tele-gold-default-rtdb.firebaseio.com\",\"storageBucket\":\"tele-gold.firebasestorage.app\"}","GCLOUD_PROJECT":"tele-gold","EVENTARC_CLOUD_EVENT_SOURCE":"projects/tele-gold/locations/us-east1/services/ssrtelegold","FUNCTION_TARGET":"ssrtelegold","LOG_EXECUTION_ID":"true"},"maxInstanceCount":40,"ingressSettings":"ALLOW_ALL","uri":"https://ssrtelegold-hn6qlisffa-ue.a.run.app","serviceAccountEmail":"129955455366-compute@developer.gserviceaccount.com","availableMemory":"256Mi","allTrafficOnLatestRevision":true,"revision":"ssrtelegold-00043-tuf","maxInstanceRequestConcurrency":80,"availableCpu":"1"},"state":"ACTIVE","updateTime":"2025-06-02T10:29:29.803990695Z","labels":{"deployment-tool":"cli-firebase","firebase-functions-codebase":"firebase-frameworks-tele-gold","firebase-functions-hash":"44e37d21784c5d631f33551413c000ed33f5b164"},"environment":"GEN_2","url":"https://us-east1-tele-gold.cloudfunctions.net/ssrtelegold","createTime":"2025-03-27T05:29:01.946718744Z"}]}
[info] i  hosting: The following function(s) are pinned to site tele-gold and will be deployed as well: ssrtelegold 
[info] 
[info] === Deploying to 'tele-gold'...
[info] 
[info] i  deploying functions, hosting 
[debug] [2025-06-02T10:34:27.576Z] >>> [apiv2][query] GET https://firebase.googleapis.com/v1beta1/projects/tele-gold [none]
[debug] [2025-06-02T10:34:28.278Z] <<< [apiv2][status] GET https://firebase.googleapis.com/v1beta1/projects/tele-gold 200
[debug] [2025-06-02T10:34:28.278Z] <<< [apiv2][body] GET https://firebase.googleapis.com/v1beta1/projects/tele-gold {"projectId":"tele-gold","projectNumber":"129955455366","displayName":"tele-gold","name":"projects/tele-gold","resources":{"hostingSite":"tele-gold","realtimeDatabaseInstance":"tele-gold-default-rtdb"},"state":"ACTIVE","etag":"1_8307575d-b382-46ee-bc7e-32bd207303c6"}
[info] i  functions: preparing codebase firebase-frameworks-tele-gold for deployment 
[info] i  functions: ensuring required API cloudfunctions.googleapis.com is enabled... 
[info] i  functions: ensuring required API cloudbuild.googleapis.com is enabled... 
[info] i  artifactregistry: ensuring required API artifactregistry.googleapis.com is enabled... 
[debug] [2025-06-02T10:34:28.281Z] >>> [apiv2][query] GET https://serviceusage.googleapis.com/v1/projects/tele-gold/services/cloudfunctions.googleapis.com [none]
[debug] [2025-06-02T10:34:28.281Z] >>> [apiv2][(partial)header] GET https://serviceusage.googleapis.com/v1/projects/tele-gold/services/cloudfunctions.googleapis.com x-goog-quota-user=projects/tele-gold
[debug] [2025-06-02T10:34:28.282Z] >>> [apiv2][query] GET https://serviceusage.googleapis.com/v1/projects/tele-gold/services/runtimeconfig.googleapis.com [none]
[debug] [2025-06-02T10:34:28.282Z] >>> [apiv2][(partial)header] GET https://serviceusage.googleapis.com/v1/projects/tele-gold/services/runtimeconfig.googleapis.com x-goog-quota-user=projects/tele-gold
[debug] [2025-06-02T10:34:28.283Z] >>> [apiv2][query] GET https://serviceusage.googleapis.com/v1/projects/tele-gold/services/cloudbuild.googleapis.com [none]
[debug] [2025-06-02T10:34:28.283Z] >>> [apiv2][(partial)header] GET https://serviceusage.googleapis.com/v1/projects/tele-gold/services/cloudbuild.googleapis.com x-goog-quota-user=projects/tele-gold
[debug] [2025-06-02T10:34:28.285Z] >>> [apiv2][query] GET https://serviceusage.googleapis.com/v1/projects/tele-gold/services/artifactregistry.googleapis.com [none]
[debug] [2025-06-02T10:34:28.285Z] >>> [apiv2][(partial)header] GET https://serviceusage.googleapis.com/v1/projects/tele-gold/services/artifactregistry.googleapis.com x-goog-quota-user=projects/tele-gold
[debug] [2025-06-02T10:34:30.030Z] <<< [apiv2][status] GET https://serviceusage.googleapis.com/v1/projects/tele-gold/services/runtimeconfig.googleapis.com 200
[debug] [2025-06-02T10:34:30.030Z] <<< [apiv2][body] GET https://serviceusage.googleapis.com/v1/projects/tele-gold/services/runtimeconfig.googleapis.com [omitted]
[debug] [2025-06-02T10:34:30.031Z] <<< [apiv2][status] GET https://serviceusage.googleapis.com/v1/projects/tele-gold/services/cloudbuild.googleapis.com 200
[debug] [2025-06-02T10:34:30.031Z] <<< [apiv2][body] GET https://serviceusage.googleapis.com/v1/projects/tele-gold/services/cloudbuild.googleapis.com [omitted]
[info] +  functions: required API cloudbuild.googleapis.com is enabled 
[debug] [2025-06-02T10:34:30.050Z] <<< [apiv2][status] GET https://serviceusage.googleapis.com/v1/projects/tele-gold/services/artifactregistry.googleapis.com 200
[debug] [2025-06-02T10:34:30.050Z] <<< [apiv2][body] GET https://serviceusage.googleapis.com/v1/projects/tele-gold/services/artifactregistry.googleapis.com [omitted]
[info] +  artifactregistry: required API artifactregistry.googleapis.com is enabled 
[debug] [2025-06-02T10:34:30.068Z] <<< [apiv2][status] GET https://serviceusage.googleapis.com/v1/projects/tele-gold/services/cloudfunctions.googleapis.com 200
[debug] [2025-06-02T10:34:30.068Z] <<< [apiv2][body] GET https://serviceusage.googleapis.com/v1/projects/tele-gold/services/cloudfunctions.googleapis.com [omitted]
[info] +  functions: required API cloudfunctions.googleapis.com is enabled 
[debug] [2025-06-02T10:34:30.069Z] >>> [apiv2][query] GET https://firebase.googleapis.com/v1beta1/projects/tele-gold/adminSdkConfig [none]
[debug] [2025-06-02T10:34:31.009Z] <<< [apiv2][status] GET https://firebase.googleapis.com/v1beta1/projects/tele-gold/adminSdkConfig 200
[debug] [2025-06-02T10:34:31.009Z] <<< [apiv2][body] GET https://firebase.googleapis.com/v1beta1/projects/tele-gold/adminSdkConfig {"projectId":"tele-gold","databaseURL":"https://tele-gold-default-rtdb.firebaseio.com","storageBucket":"tele-gold.firebasestorage.app"}
[debug] [2025-06-02T10:34:31.009Z] >>> [apiv2][query] GET https://runtimeconfig.googleapis.com/v1beta1/projects/tele-gold/configs [none]
[debug] [2025-06-02T10:34:31.419Z] <<< [apiv2][status] GET https://runtimeconfig.googleapis.com/v1beta1/projects/tele-gold/configs 200
[debug] [2025-06-02T10:34:31.419Z] <<< [apiv2][body] GET https://runtimeconfig.googleapis.com/v1beta1/projects/tele-gold/configs {}
[debug] [2025-06-02T10:34:31.421Z] Validating nodejs source
[warn] !  functions: package.json indicates an outdated version of firebase-functions. Please upgrade using npm install --save firebase-functions@latest in your functions directory. 
[warn] !  functions: Please note that there will be breaking changes when you upgrade. 
[debug] [2025-06-02T10:34:32.772Z] > [functions] package.json contents: {
  "name": "tele-gold",
  "version": "0.1.0",
  "private": true,
  "dependencies": {
    "@gsap/react": "^2.1.2",
    "@next/third-parties": "^15.1.2",
    "@reduxjs/toolkit": "^2.4.0",
    "@studio-freight/react-lenis": "^0.0.47",
    "axios": "^1.7.8",
    "dompurify": "^3.2.2",
    "formik": "^2.4.6",
    "framer-motion": "^11.11.17",
    "gsap": "^3.12.7",
    "jsdom": "^25.0.1",
    "lottie-react": "^2.4.0",
    "lucide-react": "^0.460.0",
    "next": "15.0.3",
    "nodemailer": "^6.9.16",
    "react": "^18.3.1",
    "react-dom": "^18.3.1",
    "react-icons": "^5.4.0",
    "react-intersection-observer": "^9.13.1",
    "react-redux": "^9.1.2",
    "swiper": "^11.2.5",
    "uuid": "^11.0.3",
    "yup": "^1.4.0",
    "firebase-frameworks": "^0.11.0",
    "firebase-functions": "^4.5.0",
    "firebase-admin": "^11.11.1"
  },
  "main": "server.js",
  "engines": {
    "node": "20"
  }
}
[debug] [2025-06-02T10:34:32.773Z] Building nodejs source
[info] i  functions: Loading and analyzing source code for codebase firebase-frameworks-tele-gold to determine what to deploy 
[debug] [2025-06-02T10:34:32.774Z] Could not find functions.yaml. Must use http discovery
[debug] [2025-06-02T10:34:32.786Z] Found firebase-functions binary at 'D:\telegold project\Tele-Gold-Site\.firebase\tele-gold\functions\node_modules\.bin\firebase-functions'
[info] Serving at port 8564

[debug] [2025-06-02T10:34:33.406Z] Got response from /__/functions.yaml {"endpoints":{"ssrtelegold":{"availableMemoryMb":null,"timeoutSeconds":null,"minInstances":null,"maxInstances":null,"ingressSettings":null,"concurrency":null,"serviceAccountEmail":null,"vpc":null,"platform":"gcfv2","region":["us-east1"],"labels":{},"httpsTrigger":{},"entryPoint":"ssrtelegold"}},"specVersion":"v1alpha1","requiredAPIs":[]}
